<?xml version="1.0" encoding="utf-8" ?>
<result>
	<row>
		<label>Others</label>
		<nb_uniq_visitors>2</nb_uniq_visitors>
		<nb_visits>2</nb_visits>
		<nb_actions>2</nb_actions>
		<nb_users>0</nb_users>
		<max_actions>1</max_actions>
		<sum_visit_length>0</sum_visit_length>
		<bounce_count>2</bounce_count>
		<nb_visits_converted>0</nb_visits_converted>
		<Referrers_Website>Others</Referrers_Website>
	</row>
	<row>
		<label>whatever0.com/ - Others</label>
		<nb_uniq_visitors>2</nb_uniq_visitors>
		<nb_visits>2</nb_visits>
		<nb_actions>2</nb_actions>
		<nb_users>0</nb_users>
		<max_actions>1</max_actions>
		<sum_visit_length>0</sum_visit_length>
		<bounce_count>2</bounce_count>
		<nb_visits_converted>0</nb_visits_converted>
		<Referrers_Website>whatever0.com</Referrers_Website>
		<Referrers_WebsitePage> - Others</Referrers_WebsitePage>
		<url>Others</url>
	</row>
	<row>
		<label>whatever0.com/index</label>
		<nb_uniq_visitors>1</nb_uniq_visitors>
		<nb_visits>2</nb_visits>
		<nb_actions>2</nb_actions>
		<nb_users>0</nb_users>
		<max_actions>1</max_actions>
		<sum_visit_length>0</sum_visit_length>
		<bounce_count>2</bounce_count>
		<nb_visits_converted>0</nb_visits_converted>
		<Referrers_Website>whatever0.com</Referrers_Website>
		<Referrers_WebsitePage>index</Referrers_WebsitePage>
		<url>http://whatever0.com/0</url>
	</row>
	<row>
		<label>whatever1.com/2</label>
		<nb_uniq_visitors>1</nb_uniq_visitors>
		<nb_visits>1</nb_visits>
		<nb_actions>1</nb_actions>
		<nb_users>0</nb_users>
		<max_actions>1</max_actions>
		<sum_visit_length>0</sum_visit_length>
		<bounce_count>1</bounce_count>
		<nb_visits_converted>0</nb_visits_converted>
		<Referrers_Website>whatever1.com</Referrers_Website>
		<Referrers_WebsitePage>2</Referrers_WebsitePage>
		<url>http://whatever1.com/2</url>
	</row>
	<row>
		<label>whatever1.com/index</label>
		<nb_uniq_visitors>1</nb_uniq_visitors>
		<nb_visits>1</nb_visits>
		<nb_actions>1</nb_actions>
		<nb_users>0</nb_users>
		<max_actions>1</max_actions>
		<sum_visit_length>0</sum_visit_length>
		<bounce_count>1</bounce_count>
		<nb_visits_converted>0</nb_visits_converted>
		<Referrers_Website>whatever1.com</Referrers_Website>
		<Referrers_WebsitePage>index</Referrers_WebsitePage>
		<url>http://whatever1.com/0</url>
	</row>
</result>