<?xml version="1.0" encoding="utf-8" ?>
<result>
	<row>
		<label>Facebook - facebook.com/whatever</label>
		<nb_visits>1</nb_visits>
		<nb_actions>2</nb_actions>
		<max_actions>2</max_actions>
		<sum_visit_length>361</sum_visit_length>
		<bounce_count>0</bounce_count>
		<nb_visits_converted>0</nb_visits_converted>
		<sum_daily_nb_uniq_visitors>1</sum_daily_nb_uniq_visitors>
		<sum_daily_nb_users>0</sum_daily_nb_users>
		<Referrers_SocialNetwork>Facebook</Referrers_SocialNetwork>
		<Referrers_WebsitePage>facebook.com/whatever</Referrers_WebsitePage>
		<url>http://facebook.com/whatever</url>
		<logo>plugins/Morpheus/icons/dist/socials/facebook.com.png</logo>
	</row>
	<row>
		<label>Facebook - fb.me/?q=sdlfjs&amp;n=slfjsd</label>
		<nb_visits>1</nb_visits>
		<nb_actions>2</nb_actions>
		<max_actions>2</max_actions>
		<sum_visit_length>361</sum_visit_length>
		<bounce_count>0</bounce_count>
		<nb_visits_converted>0</nb_visits_converted>
		<sum_daily_nb_uniq_visitors>1</sum_daily_nb_uniq_visitors>
		<sum_daily_nb_users>0</sum_daily_nb_users>
		<Referrers_SocialNetwork>Facebook</Referrers_SocialNetwork>
		<Referrers_WebsitePage>fb.me/?q=sdlfjs&amp;n=slfjsd</Referrers_WebsitePage>
		<url>http://fb.me/?q=sdlfjs&amp;n=slfjsd</url>
		<logo>plugins/Morpheus/icons/dist/socials/facebook.com.png</logo>
	</row>
	<row>
		<label>Facebook - www.facebook.com/another/path</label>
		<nb_visits>1</nb_visits>
		<nb_actions>1</nb_actions>
		<max_actions>1</max_actions>
		<sum_visit_length>0</sum_visit_length>
		<bounce_count>1</bounce_count>
		<nb_visits_converted>0</nb_visits_converted>
		<sum_daily_nb_uniq_visitors>1</sum_daily_nb_uniq_visitors>
		<sum_daily_nb_users>0</sum_daily_nb_users>
		<Referrers_SocialNetwork>Facebook</Referrers_SocialNetwork>
		<Referrers_WebsitePage>www.facebook.com/another/path</Referrers_WebsitePage>
		<url>http://www.facebook.com/another/path</url>
		<logo>plugins/Morpheus/icons/dist/socials/facebook.com.png</logo>
	</row>
	<row>
		<label>Flickr - www.flickr.com</label>
		<nb_visits>1</nb_visits>
		<nb_actions>2</nb_actions>
		<max_actions>2</max_actions>
		<sum_visit_length>361</sum_visit_length>
		<bounce_count>0</bounce_count>
		<nb_visits_converted>0</nb_visits_converted>
		<sum_daily_nb_uniq_visitors>1</sum_daily_nb_uniq_visitors>
		<sum_daily_nb_users>0</sum_daily_nb_users>
		<Referrers_SocialNetwork>Flickr</Referrers_SocialNetwork>
		<Referrers_WebsitePage>www.flickr.com</Referrers_WebsitePage>
		<url>http://www.flickr.com</url>
		<logo>plugins/Morpheus/icons/dist/socials/flickr.com.png</logo>
	</row>
	<row>
		<label>Mixi - mixi.jp</label>
		<nb_visits>1</nb_visits>
		<nb_actions>1</nb_actions>
		<max_actions>1</max_actions>
		<sum_visit_length>0</sum_visit_length>
		<bounce_count>1</bounce_count>
		<nb_visits_converted>0</nb_visits_converted>
		<sum_daily_nb_uniq_visitors>1</sum_daily_nb_uniq_visitors>
		<sum_daily_nb_users>0</sum_daily_nb_users>
		<Referrers_SocialNetwork>Mixi</Referrers_SocialNetwork>
		<Referrers_WebsitePage>mixi.jp</Referrers_WebsitePage>
		<url>http://mixi.jp</url>
		<logo>plugins/Morpheus/icons/dist/socials/mixi.jp.png</logo>
	</row>
	<row>
		<label>Skyrock - skyrock.com</label>
		<nb_visits>1</nb_visits>
		<nb_actions>2</nb_actions>
		<max_actions>2</max_actions>
		<sum_visit_length>361</sum_visit_length>
		<bounce_count>0</bounce_count>
		<nb_visits_converted>0</nb_visits_converted>
		<sum_daily_nb_uniq_visitors>1</sum_daily_nb_uniq_visitors>
		<sum_daily_nb_users>0</sum_daily_nb_users>
		<Referrers_SocialNetwork>Skyrock</Referrers_SocialNetwork>
		<Referrers_WebsitePage>skyrock.com</Referrers_WebsitePage>
		<url>http://skyrock.com</url>
		<logo>plugins/Morpheus/icons/dist/socials/skyrock.com.png</logo>
	</row>
	<row>
		<label>Twitter - t.co/id/?y=dsfs</label>
		<nb_visits>1</nb_visits>
		<nb_actions>1</nb_actions>
		<max_actions>1</max_actions>
		<sum_visit_length>0</sum_visit_length>
		<bounce_count>1</bounce_count>
		<nb_visits_converted>0</nb_visits_converted>
		<sum_daily_nb_uniq_visitors>1</sum_daily_nb_uniq_visitors>
		<sum_daily_nb_users>0</sum_daily_nb_users>
		<Referrers_SocialNetwork>Twitter</Referrers_SocialNetwork>
		<Referrers_WebsitePage>t.co/id/?y=dsfs</Referrers_WebsitePage>
		<url>http://t.co/id/?y=dsfs</url>
		<logo>plugins/Morpheus/icons/dist/socials/twitter.com.png</logo>
	</row>
	<row>
		<label>Twitter - twitter.com/whatever2</label>
		<nb_visits>1</nb_visits>
		<nb_actions>1</nb_actions>
		<max_actions>1</max_actions>
		<sum_visit_length>0</sum_visit_length>
		<bounce_count>1</bounce_count>
		<nb_visits_converted>0</nb_visits_converted>
		<sum_daily_nb_uniq_visitors>1</sum_daily_nb_uniq_visitors>
		<sum_daily_nb_users>0</sum_daily_nb_users>
		<Referrers_SocialNetwork>Twitter</Referrers_SocialNetwork>
		<Referrers_WebsitePage>twitter.com/whatever2</Referrers_WebsitePage>
		<url>http://twitter.com/whatever2</url>
		<logo>plugins/Morpheus/icons/dist/socials/twitter.com.png</logo>
	</row>
	<row>
		<label>Twitter - www.twitter.com/index?a=2334</label>
		<nb_visits>1</nb_visits>
		<nb_actions>2</nb_actions>
		<max_actions>2</max_actions>
		<sum_visit_length>361</sum_visit_length>
		<bounce_count>0</bounce_count>
		<nb_visits_converted>0</nb_visits_converted>
		<sum_daily_nb_uniq_visitors>1</sum_daily_nb_uniq_visitors>
		<sum_daily_nb_users>0</sum_daily_nb_users>
		<Referrers_SocialNetwork>Twitter</Referrers_SocialNetwork>
		<Referrers_WebsitePage>www.twitter.com/index?a=2334</Referrers_WebsitePage>
		<url>http://www.twitter.com/index?a=2334</url>
		<logo>plugins/Morpheus/icons/dist/socials/twitter.com.png</logo>
	</row>
	<row>
		<label>Xanga - xanga.com</label>
		<nb_visits>1</nb_visits>
		<nb_actions>1</nb_actions>
		<max_actions>1</max_actions>
		<sum_visit_length>0</sum_visit_length>
		<bounce_count>1</bounce_count>
		<nb_visits_converted>0</nb_visits_converted>
		<sum_daily_nb_uniq_visitors>1</sum_daily_nb_uniq_visitors>
		<sum_daily_nb_users>0</sum_daily_nb_users>
		<Referrers_SocialNetwork>Xanga</Referrers_SocialNetwork>
		<Referrers_WebsitePage>xanga.com</Referrers_WebsitePage>
		<url>http://xanga.com</url>
		<logo>plugins/Morpheus/icons/dist/socials/xanga.com.png</logo>
	</row>
</result>